/bin/bash: warning: setlocale: LC_ALL: cannot change locale (C.UTF-8)
/bin/sh: warning: setlocale: LC_ALL: cannot change locale (C.UTF-8)
/bin/sh: warning: setlocale: LC_ALL: cannot change locale (C.UTF-8)
/bin/sh: warning: setlocale: LC_ALL: cannot change locale (C.UTF-8)
During startup - Warning messages:
1: Setting LC_CTYPE failed, using "C" 
2: Setting LC_COLLATE failed, using "C" 
3: Setting LC_TIME failed, using "C" 
4: Setting LC_MESSAGES failed, using "C" 
5: Setting LC_MONETARY failed, using "C" 
6: Setting LC_PAPER failed, using "C" 
7: Setting LC_MEASUREMENT failed, using "C" 
Comparing 51939 eligible enhancers across both classes
Site-pair batch: chr10 / 1 at 2026-10-06 13:50:39.992516
Site-pair batch: chr10 / 101 at 2026-10-06 13:50:46.213853
Site-pair batch: chr10 / 201 at 2026-10-06 13:50:51.718083
Site-pair batch: chr10 / 301 at 2026-10-06 13:50:57.240016
Site-pair batch: chr10 / 401 at 2026-10-06 13:51:02.00903
Site-pair batch: chr10 / 501 at 2026-10-06 13:51:06.755734
Site-pair batch: chr10 / 601 at 2026-10-06 13:51:10.602767
Site-pair batch: chr10 / 701 at 2026-10-06 13:51:14.798194
Site-pair batch: chr10 / 801 at 2026-10-06 13:51:20.283796
Site-pair batch: chr10 / 901 at 2026-10-06 13:51:25.904489
Site-pair batch: chr10 / 1001 at 2026-10-06 13:51:30.929585
Site-pair batch: chr10 / 1101 at 2026-10-06 13:51:36.378818
Site-pair batch: chr10 / 1201 at 2026-10-06 13:51:41.748162
Site-pair batch: chr10 / 1301 at 2026-10-06 13:51:47.140752
Site-pair batch: chr10 / 1401 at 2026-10-06 13:51:52.312816
Site-pair batch: chr10 / 1501 at 2026-10-06 13:51:56.932026
Site-pair batch: chr10 / 1601 at 2026-10-06 13:52:02.447789
Site-pair batch: chr10 / 1701 at 2026-10-06 13:52:08.352693
Site-pair batch: chr10 / 1801 at 2026-10-06 13:52:13.554779
Site-pair batch: chr10 / 1901 at 2026-10-06 13:52:18.709534
Site-pair batch: chr10 / 2001 at 2026-10-06 13:52:23.322614
Site-pair batch: chr10 / 2101 at 2026-10-06 13:52:28.077985
Site-pair batch: chr10 / 2201 at 2026-10-06 13:52:33.67548
Site-pair batch: chr10 / 2301 at 2026-10-06 13:52:38.19075
Site-pair batch: chr1 / 1 at 2026-10-06 13:52:41.858824
Site-pair batch: chr1 / 101 at 2026-10-06 13:52:51.711948
Site-pair batch: chr1 / 201 at 2026-10-06 13:53:02.072019
Site-pair batch: chr1 / 301 at 2026-10-06 13:53:12.226902
Site-pair batch: chr1 / 401 at 2026-10-06 13:53:21.568026
Site-pair batch: chr1 / 501 at 2026-10-06 13:53:30.601328
Site-pair batch: chr1 / 601 at 2026-10-06 13:53:47.535762
Site-pair batch: chr1 / 701 at 2026-10-06 13:53:57.016324
Site-pair batch: chr1 / 801 at 2026-10-06 13:54:06.146693
Site-pair batch: chr1 / 901 at 2026-10-06 13:54:15.876194
Site-pair batch: chr1 / 1001 at 2026-10-06 13:54:25.141159
Site-pair batch: chr1 / 1101 at 2026-10-06 13:54:34.782632
Site-pair batch: chr1 / 1201 at 2026-10-06 13:54:43.337543
Site-pair batch: chr1 / 1301 at 2026-10-06 13:54:52.025597
Site-pair batch: chr1 / 1401 at 2026-10-06 13:55:00.659796
Site-pair batch: chr1 / 1501 at 2026-10-06 13:55:10.593379
Site-pair batch: chr1 / 1601 at 2026-10-06 13:55:20.624231
Site-pair batch: chr1 / 1701 at 2026-10-06 13:55:29.674445
Site-pair batch: chr1 / 1801 at 2026-10-06 13:55:37.653552
Site-pair batch: chr1 / 1901 at 2026-10-06 13:55:46.618673
Site-pair batch: chr1 / 2001 at 2026-10-06 13:55:55.568796
Site-pair batch: chr1 / 2101 at 2026-10-06 13:56:05.059098
Site-pair batch: chr1 / 2201 at 2026-10-06 13:56:13.088101
Site-pair batch: chr1 / 2301 at 2026-10-06 13:56:23.156989
Site-pair batch: chr1 / 2401 at 2026-10-06 13:56:32.484751
Site-pair batch: chr1 / 2501 at 2026-10-06 13:56:43.197401
Site-pair batch: chr1 / 2601 at 2026-10-06 13:56:54.913436
Site-pair batch: chr1 / 2701 at 2026-10-06 13:57:05.774766
Site-pair batch: chr1 / 2801 at 2026-10-06 13:57:15.96077
Site-pair batch: chr1 / 2901 at 2026-10-06 13:57:27.647918
Site-pair batch: chr1 / 3001 at 2026-10-06 13:57:38.501089
Site-pair batch: chr1 / 3101 at 2026-10-06 13:57:48.717167
Site-pair batch: chr1 / 3201 at 2026-10-06 13:57:57.496612
Site-pair batch: chr1 / 3301 at 2026-10-06 13:58:07.267432
Site-pair batch: chr1 / 3401 at 2026-10-06 13:58:14.223143
Site-pair batch: chr1 / 3501 at 2026-10-06 13:58:21.712972
Site-pair batch: chr1 / 3601 at 2026-10-06 13:58:29.237119
Site-pair batch: chr1 / 3701 at 2026-10-06 13:58:35.796652
Site-pair batch: chr1 / 3801 at 2026-10-06 13:58:59.594544
Site-pair batch: chr1 / 3901 at 2026-10-06 13:59:18.085259
Site-pair batch: chr1 / 4001 at 2026-10-06 13:59:26.031582
Site-pair batch: chr1 / 4101 at 2026-10-06 13:59:34.777116
Site-pair batch: chr1 / 4201 at 2026-10-06 13:59:41.120227
Site-pair batch: chr1 / 4301 at 2026-10-06 13:59:48.211518
Site-pair batch: chr1 / 4401 at 2026-10-06 13:59:55.72888
Site-pair batch: chr1 / 4501 at 2026-10-06 14:00:02.768734
Site-pair batch: chr1 / 4601 at 2026-10-06 14:00:09.25727
Site-pair batch: chr1 / 4701 at 2026-10-06 14:00:17.900979
Site-pair batch: chr1 / 4801 at 2026-10-06 14:00:25.521575
Site-pair batch: chr1 / 4901 at 2026-10-06 14:00:34.545806
Site-pair batch: chr11 / 1 at 2026-10-06 14:00:42.582735
Site-pair batch: chr11 / 101 at 2026-10-06 14:00:50.72205
Site-pair batch: chr11 / 201 at 2026-10-06 14:00:58.46293
Site-pair batch: chr11 / 301 at 2026-10-06 14:01:05.916124
Site-pair batch: chr11 / 401 at 2026-10-06 14:01:14.136778
Site-pair batch: chr11 / 501 at 2026-10-06 14:01:22.533091
Site-pair batch: chr11 / 601 at 2026-10-06 14:01:31.301803
Site-pair batch: chr11 / 701 at 2026-10-06 14:01:38.964699
Site-pair batch: chr11 / 801 at 2026-10-06 14:01:47.828547
Site-pair batch: chr11 / 901 at 2026-10-06 14:01:55.45407
Site-pair batch: chr11 / 1001 at 2026-10-06 14:02:01.927783
Site-pair batch: chr11 / 1101 at 2026-10-06 14:02:08.582371
Site-pair batch: chr11 / 1201 at 2026-10-06 14:02:14.342351
Site-pair batch: chr11 / 1301 at 2026-10-06 14:02:22.078224
Site-pair batch: chr11 / 1401 at 2026-10-06 14:02:29.296928
Site-pair batch: chr11 / 1501 at 2026-10-06 14:02:36.101753
Site-pair batch: chr11 / 1601 at 2026-10-06 14:02:44.375774
Site-pair batch: chr11 / 1701 at 2026-10-06 14:02:51.95776
Site-pair batch: chr11 / 1801 at 2026-10-06 14:02:58.460619
Site-pair batch: chr11 / 1901 at 2026-10-06 14:03:05.66292
Site-pair batch: chr11 / 2001 at 2026-10-06 14:03:11.825811
Site-pair batch: chr11 / 2101 at 2026-10-06 14:03:18.927193
Site-pair batch: chr11 / 2201 at 2026-10-06 14:03:25.749748
Site-pair batch: chr11 / 2301 at 2026-10-06 14:03:32.840572
Site-pair batch: chr11 / 2401 at 2026-10-06 14:03:39.870166
Site-pair batch: chr11 / 2501 at 2026-10-06 14:03:47.356411
Site-pair batch: chr12 / 1 at 2026-10-06 14:03:52.195698
Site-pair batch: chr12 / 101 at 2026-10-06 14:04:01.274217
Site-pair batch: chr12 / 201 at 2026-10-06 14:04:08.056098
Site-pair batch: chr12 / 301 at 2026-10-06 14:04:15.381768
Site-pair batch: chr12 / 401 at 2026-10-06 14:04:22.432799
Site-pair batch: chr12 / 501 at 2026-10-06 14:04:28.843241
Site-pair batch: chr12 / 601 at 2026-10-06 14:04:35.258958
Site-pair batch: chr12 / 701 at 2026-10-06 14:04:42.028394
Site-pair batch: chr12 / 801 at 2026-10-06 14:04:47.168
Site-pair batch: chr12 / 901 at 2026-10-06 14:04:52.879133
Site-pair batch: chr12 / 1001 at 2026-10-06 14:04:57.398117
Site-pair batch: chr12 / 1101 at 2026-10-06 14:05:06.527833
Site-pair batch: chr12 / 1201 at 2026-10-06 14:05:14.900708
Site-pair batch: chr12 / 1301 at 2026-10-06 14:05:21.61373
Site-pair batch: chr12 / 1401 at 2026-10-06 14:05:30.310508
Site-pair batch: chr12 / 1501 at 2026-10-06 14:05:35.772176
Site-pair batch: chr12 / 1601 at 2026-10-06 14:05:43.296204
Site-pair batch: chr12 / 1701 at 2026-10-06 14:05:49.951145
Site-pair batch: chr12 / 1801 at 2026-10-06 14:05:56.311821
Site-pair batch: chr12 / 1901 at 2026-10-06 14:06:03.341495
Site-pair batch: chr12 / 2001 at 2026-10-06 14:06:11.344864
Site-pair batch: chr12 / 2101 at 2026-10-06 14:06:17.674685
Site-pair batch: chr12 / 2201 at 2026-10-06 14:06:24.953428
Site-pair batch: chr12 / 2301 at 2026-10-06 14:06:31.770152
Site-pair batch: chr12 / 2401 at 2026-10-06 14:06:39.826338
Site-pair batch: chr12 / 2501 at 2026-10-06 14:06:46.700589
Site-pair batch: chr12 / 2601 at 2026-10-06 14:06:53.749158
Site-pair batch: chr13 / 1 at 2026-10-06 14:06:54.83967
Site-pair batch: chr13 / 101 at 2026-10-06 14:07:02.502441
Site-pair batch: chr13 / 201 at 2026-10-06 14:07:09.126375
Site-pair batch: chr13 / 301 at 2026-10-06 14:07:14.708715
Site-pair batch: chr13 / 401 at 2026-10-06 14:07:21.43309
Site-pair batch: chr13 / 501 at 2026-10-06 14:07:28.301656
Site-pair batch: chr13 / 601 at 2026-10-06 14:07:35.71732
Site-pair batch: chr13 / 701 at 2026-10-06 14:07:41.935739
Site-pair batch: chr13 / 801 at 2026-10-06 14:07:48.718721
Site-pair batch: chr13 / 901 at 2026-10-06 14:07:56.816788
Site-pair batch: chr13 / 1001 at 2026-10-06 14:08:04.090035
Site-pair batch: chr13 / 1101 at 2026-10-06 14:08:10.341846
Site-pair batch: chr13 / 1201 at 2026-10-06 14:08:17.317349
Site-pair batch: chr13 / 1301 at 2026-10-06 14:08:23.761799
Site-pair batch: chr14 / 1 at 2026-10-06 14:08:29.227162
Site-pair batch: chr14 / 101 at 2026-10-06 14:08:36.907558
Site-pair batch: chr14 / 201 at 2026-10-06 14:08:42.164947
Site-pair batch: chr14 / 301 at 2026-10-06 14:08:49.357345
Site-pair batch: chr14 / 401 at 2026-10-06 14:08:55.28206
Site-pair batch: chr14 / 501 at 2026-10-06 14:09:01.850629
Site-pair batch: chr14 / 601 at 2026-10-06 14:09:08.751177
Site-pair batch: chr14 / 701 at 2026-10-06 14:09:15.138893
Site-pair batch: chr14 / 801 at 2026-10-06 14:09:22.156322
Site-pair batch: chr14 / 901 at 2026-10-06 14:09:28.728384
Site-pair batch: chr14 / 1001 at 2026-10-06 14:09:36.461211
Site-pair batch: chr14 / 1101 at 2026-10-06 14:09:43.022473
Site-pair batch: chr14 / 1201 at 2026-10-06 14:09:50.416675
Site-pair batch: chr14 / 1301 at 2026-10-06 14:09:57.244407
Site-pair batch: chr14 / 1401 at 2026-10-06 14:10:03.855821
Site-pair batch: chr14 / 1501 at 2026-10-06 14:10:09.907242
Site-pair batch: chr14 / 1601 at 2026-10-06 14:10:15.636766
Site-pair batch: chr15 / 1 at 2026-10-06 14:10:19.394816
Site-pair batch: chr15 / 101 at 2026-10-06 14:10:26.543142
Site-pair batch: chr15 / 201 at 2026-10-06 14:10:31.923682
Site-pair batch: chr15 / 301 at 2026-10-06 14:10:38.501125
Site-pair batch: chr15 / 401 at 2026-10-06 14:10:45.7098
Site-pair batch: chr15 / 501 at 2026-10-06 14:10:53.015579
Site-pair batch: chr15 / 601 at 2026-10-06 14:11:00.57619
Site-pair batch: chr15 / 701 at 2026-10-06 14:11:06.617331
Site-pair batch: chr15 / 801 at 2026-10-06 14:11:14.298939
Site-pair batch: chr15 / 901 at 2026-10-06 14:11:21.512195
Site-pair batch: chr15 / 1001 at 2026-10-06 14:11:28.799599
Site-pair batch: chr15 / 1101 at 2026-10-06 14:11:35.183754
Site-pair batch: chr15 / 1201 at 2026-10-06 14:11:42.236912
Site-pair batch: chr15 / 1301 at 2026-10-06 14:11:49.05055
Site-pair batch: chr15 / 1401 at 2026-10-06 14:11:55.919006
Site-pair batch: chr15 / 1501 at 2026-10-06 14:12:02.505488
Site-pair batch: chr15 / 1601 at 2026-10-06 14:12:10.4737
Site-pair batch: chr15 / 1701 at 2026-10-06 14:12:16.280835
Site-pair batch: chr16 / 1 at 2026-10-06 14:12:17.961323
Site-pair batch: chr16 / 101 at 2026-10-06 14:12:25.111416
Site-pair batch: chr16 / 201 at 2026-10-06 14:12:30.424466
Site-pair batch: chr16 / 301 at 2026-10-06 14:12:36.286779
Site-pair batch: chr16 / 401 at 2026-10-06 14:12:42.181877
Site-pair batch: chr16 / 501 at 2026-10-06 14:12:48.750179
Site-pair batch: chr16 / 601 at 2026-10-06 14:13:00.993154
Site-pair batch: chr16 / 701 at 2026-10-06 14:13:07.392439
Site-pair batch: chr16 / 801 at 2026-10-06 14:13:13.850947
Site-pair batch: chr16 / 901 at 2026-10-06 14:13:19.614184
Site-pair batch: chr16 / 1001 at 2026-10-06 14:13:25.738859
Site-pair batch: chr16 / 1101 at 2026-10-06 14:13:31.79131
Site-pair batch: chr16 / 1201 at 2026-10-06 14:13:37.997954
Site-pair batch: chr16 / 1301 at 2026-10-06 14:13:43.851822
Site-pair batch: chr16 / 1401 at 2026-10-06 14:13:49.623368
Site-pair batch: chr16 / 1501 at 2026-10-06 14:13:55.613518
Site-pair batch: chr16 / 1601 at 2026-10-06 14:14:00.961934
Site-pair batch: chr17 / 1 at 2026-10-06 14:14:02.350592
Site-pair batch: chr17 / 101 at 2026-10-06 14:14:08.113201
Site-pair batch: chr17 / 201 at 2026-10-06 14:14:12.122243
Site-pair batch: chr17 / 301 at 2026-10-06 14:14:17.872713
Site-pair batch: chr17 / 401 at 2026-10-06 14:14:23.626576
Site-pair batch: chr17 / 501 at 2026-10-06 14:14:29.990946
Site-pair batch: chr17 / 601 at 2026-10-06 14:14:35.273872
Site-pair batch: chr17 / 701 at 2026-10-06 14:14:41.414839
Site-pair batch: chr17 / 801 at 2026-10-06 14:14:47.46807
Site-pair batch: chr17 / 901 at 2026-10-06 14:14:53.465227
Site-pair batch: chr17 / 1001 at 2026-10-06 14:14:59.750797
Site-pair batch: chr17 / 1101 at 2026-10-06 14:15:06.632747
Site-pair batch: chr17 / 1201 at 2026-10-06 14:15:13.535369
Site-pair batch: chr17 / 1301 at 2026-10-06 14:15:20.051743
Site-pair batch: chr17 / 1401 at 2026-10-06 14:15:26.874564
Site-pair batch: chr17 / 1501 at 2026-10-06 14:15:33.735986
Site-pair batch: chr17 / 1601 at 2026-10-06 14:15:38.917086
Site-pair batch: chr17 / 1701 at 2026-10-06 14:15:45.60106
Site-pair batch: chr17 / 1801 at 2026-10-06 14:15:51.751902
Site-pair batch: chr17 / 1901 at 2026-10-06 14:15:59.180436
Site-pair batch: chr17 / 2001 at 2026-10-06 14:16:04.554744
Site-pair batch: chr17 / 2101 at 2026-10-06 14:16:10.003952
Site-pair batch: chr17 / 2201 at 2026-10-06 14:16:15.595809
Site-pair batch: chr18 / 1 at 2026-10-06 14:16:16.935838
Site-pair batch: chr18 / 101 at 2026-10-06 14:16:24.291999
Site-pair batch: chr18 / 201 at 2026-10-06 14:16:31.538636
Site-pair batch: chr18 / 301 at 2026-10-06 14:16:37.798819
Site-pair batch: chr18 / 401 at 2026-10-06 14:16:44.141854
Site-pair batch: chr18 / 501 at 2026-10-06 14:16:50.404351
Site-pair batch: chr18 / 601 at 2026-10-06 14:16:56.639182
Site-pair batch: chr18 / 701 at 2026-10-06 14:17:02.946782
Site-pair batch: chr18 / 801 at 2026-10-06 14:17:09.758732
Site-pair batch: chr18 / 901 at 2026-10-06 14:17:15.75984
Site-pair batch: chr18 / 1001 at 2026-10-06 14:17:23.017626
Site-pair batch: chr18 / 1101 at 2026-10-06 14:17:28.957259
Site-pair batch: chr19 / 1 at 2026-10-06 14:17:30.877899
Site-pair batch: chr19 / 101 at 2026-10-06 14:17:38.27757
Site-pair batch: chr19 / 201 at 2026-10-06 14:17:44.157159
Site-pair batch: chr19 / 301 at 2026-10-06 14:17:50.999806
Site-pair batch: chr19 / 401 at 2026-10-06 14:17:57.406858
Site-pair batch: chr19 / 501 at 2026-10-06 14:18:04.108243
Site-pair batch: chr19 / 601 at 2026-10-06 14:18:09.830687
Site-pair batch: chr19 / 701 at 2026-10-06 14:18:15.650317
Site-pair batch: chr19 / 801 at 2026-10-06 14:18:21.702544
Site-pair batch: chr19 / 901 at 2026-10-06 14:18:27.853431
Site-pair batch: chr19 / 1001 at 2026-10-06 14:18:34.045684
Site-pair batch: chr19 / 1101 at 2026-10-06 14:18:40.139572
Site-pair batch: chr19 / 1201 at 2026-10-06 14:18:46.562397
Site-pair batch: chr19 / 1301 at 2026-10-06 14:18:52.939249
Site-pair batch: chr19 / 1401 at 2026-10-06 14:18:58.589268
Site-pair batch: chr19 / 1501 at 2026-10-06 14:19:03.910948
Site-pair batch: chr19 / 1601 at 2026-10-06 14:19:10.208051
Site-pair batch: chr20 / 1 at 2026-10-06 14:19:12.146149
Site-pair batch: chr20 / 101 at 2026-10-06 14:19:17.609944
Site-pair batch: chr20 / 201 at 2026-10-06 14:19:22.452171
Site-pair batch: chr20 / 301 at 2026-10-06 14:19:29.649168
Site-pair batch: chr20 / 401 at 2026-10-06 14:19:36.884088
Site-pair batch: chr20 / 501 at 2026-10-06 14:19:43.551135
Site-pair batch: chr20 / 601 at 2026-10-06 14:19:49.307964
Site-pair batch: chr20 / 701 at 2026-10-06 14:19:55.251173
Site-pair batch: chr20 / 801 at 2026-10-06 14:20:01.270207
Site-pair batch: chr20 / 901 at 2026-10-06 14:20:08.323504
Site-pair batch: chr20 / 1001 at 2026-10-06 14:20:15.086771
Site-pair batch: chr20 / 1101 at 2026-10-06 14:20:21.731537
Site-pair batch: chr20 / 1201 at 2026-10-06 14:20:29.141078
Site-pair batch: chr20 / 1301 at 2026-10-06 14:20:35.743215
Site-pair batch: chr20 / 1401 at 2026-10-06 14:20:41.348334
Site-pair batch: chr20 / 1501 at 2026-10-06 14:20:46.781767
Site-pair batch: chr20 / 1601 at 2026-10-06 14:20:51.910908
Site-pair batch: chr2 / 1 at 2026-10-06 14:20:52.86891
Site-pair batch: chr2 / 101 at 2026-10-06 14:21:01.015131
Site-pair batch: chr2 / 201 at 2026-10-06 14:21:07.796506
Site-pair batch: chr2 / 301 at 2026-10-06 14:21:14.711051
Site-pair batch: chr2 / 401 at 2026-10-06 14:21:22.203953
Site-pair batch: chr2 / 501 at 2026-10-06 14:21:28.68233
Site-pair batch: chr2 / 601 at 2026-10-06 14:21:35.551801
Site-pair batch: chr2 / 701 at 2026-10-06 14:21:41.45436
Site-pair batch: chr2 / 801 at 2026-10-06 14:21:48.622444
Site-pair batch: chr2 / 901 at 2026-10-06 14:21:56.725475
Site-pair batch: chr2 / 1001 at 2026-10-06 14:22:03.653391
Site-pair batch: chr2 / 1101 at 2026-10-06 14:22:10.448611
Site-pair batch: chr2 / 1201 at 2026-10-06 14:22:17.311738
Site-pair batch: chr2 / 1301 at 2026-10-06 14:22:23.796565
Site-pair batch: chr2 / 1401 at 2026-10-06 14:22:31.253678
Site-pair batch: chr2 / 1501 at 2026-10-06 14:22:37.439791
Site-pair batch: chr2 / 1601 at 2026-10-06 14:22:44.396321
Site-pair batch: chr2 / 1701 at 2026-10-06 14:22:51.538373
Site-pair batch: chr2 / 1801 at 2026-10-06 14:22:58.737539
Site-pair batch: chr2 / 1901 at 2026-10-06 14:23:06.706312
Site-pair batch: chr2 / 2001 at 2026-10-06 14:23:13.628968
Site-pair batch: chr2 / 2101 at 2026-10-06 14:23:21.541075
Site-pair batch: chr2 / 2201 at 2026-10-06 14:23:28.336272
Site-pair batch: chr2 / 2301 at 2026-10-06 14:23:35.865645
Site-pair batch: chr2 / 2401 at 2026-10-06 14:23:43.970488
Site-pair batch: chr2 / 2501 at 2026-10-06 14:23:51.267853
Site-pair batch: chr2 / 2601 at 2026-10-06 14:23:58.430772
Site-pair batch: chr2 / 2701 at 2026-10-06 14:24:06.054924
Site-pair batch: chr2 / 2801 at 2026-10-06 14:24:12.163244
Site-pair batch: chr2 / 2901 at 2026-10-06 14:24:19.07969
Site-pair batch: chr2 / 3001 at 2026-10-06 14:24:26.422416
Site-pair batch: chr2 / 3101 at 2026-10-06 14:24:32.681761
Site-pair batch: chr2 / 3201 at 2026-10-06 14:24:40.300253
Site-pair batch: chr2 / 3301 at 2026-10-06 14:24:47.638811
Site-pair batch: chr2 / 3401 at 2026-10-06 14:24:54.828997
Site-pair batch: chr2 / 3501 at 2026-10-06 14:25:01.864547
Site-pair batch: chr2 / 3601 at 2026-10-06 14:25:08.689848
Site-pair batch: chr2 / 3701 at 2026-10-06 14:25:15.095003
Site-pair batch: chr2 / 3801 at 2026-10-06 14:25:22.212826
Site-pair batch: chr2 / 3901 at 2026-10-06 14:25:29.652335
Site-pair batch: chr2 / 4001 at 2026-10-06 14:25:36.257761
Site-pair batch: chr2 / 4101 at 2026-10-06 14:25:42.806718
Site-pair batch: chr2 / 4201 at 2026-10-06 14:25:49.409303
Site-pair batch: chr2 / 4301 at 2026-10-06 14:25:56.492728
Site-pair batch: chr2 / 4401 at 2026-10-06 14:26:03.003822
Site-pair batch: chr21 / 1 at 2026-10-06 14:26:04.507943
Site-pair batch: chr21 / 101 at 2026-10-06 14:26:12.114762
Site-pair batch: chr21 / 201 at 2026-10-06 14:26:18.602138
Site-pair batch: chr21 / 301 at 2026-10-06 14:26:24.736087
Site-pair batch: chr21 / 401 at 2026-10-06 14:26:32.449916
Site-pair batch: chr21 / 501 at 2026-10-06 14:26:39.511848
Site-pair batch: chr21 / 601 at 2026-10-06 14:26:45.181086
Site-pair batch: chr21 / 701 at 2026-10-06 14:26:50.936021
Site-pair batch: chr21 / 801 at 2026-10-06 14:26:57.967007
Site-pair batch: chr22 / 1 at 2026-10-06 14:26:58.515153
Site-pair batch: chr22 / 101 at 2026-10-06 14:27:05.408631
Site-pair batch: chr22 / 201 at 2026-10-06 14:27:11.856996
Site-pair batch: chr22 / 301 at 2026-10-06 14:27:18.464405
Site-pair batch: chr22 / 401 at 2026-10-06 14:27:25.539758
Site-pair batch: chr22 / 501 at 2026-10-06 14:27:31.702835
Site-pair batch: chr22 / 601 at 2026-10-06 14:27:37.886764
Site-pair batch: chr22 / 701 at 2026-10-06 14:27:44.286462
Site-pair batch: chr22 / 801 at 2026-10-06 14:27:50.100834
Site-pair batch: chr22 / 901 at 2026-10-06 14:27:55.718862
Site-pair batch: chr22 / 1001 at 2026-10-06 14:28:01.195072
Site-pair batch: chr3 / 1 at 2026-10-06 14:28:02.658431
Site-pair batch: chr3 / 101 at 2026-10-06 14:28:11.524467
Site-pair batch: chr3 / 201 at 2026-10-06 14:28:18.093999
Site-pair batch: chr3 / 301 at 2026-10-06 14:28:24.346166
Site-pair batch: chr3 / 401 at 2026-10-06 14:28:31.137805
Site-pair batch: chr3 / 501 at 2026-10-06 14:28:37.727167
Site-pair batch: chr3 / 601 at 2026-10-06 14:28:45.503041
Site-pair batch: chr3 / 701 at 2026-10-06 14:28:51.602909
Site-pair batch: chr3 / 801 at 2026-10-06 14:28:57.630148
Site-pair batch: chr3 / 901 at 2026-10-06 14:29:05.012911
Site-pair batch: chr3 / 1001 at 2026-10-06 14:29:11.580102
Site-pair batch: chr3 / 1101 at 2026-10-06 14:29:18.711147
Site-pair batch: chr3 / 1201 at 2026-10-06 14:29:26.01683
Site-pair batch: chr3 / 1301 at 2026-10-06 14:29:32.066387
Site-pair batch: chr3 / 1401 at 2026-10-06 14:29:38.746839
Site-pair batch: chr3 / 1501 at 2026-10-06 14:29:46.688919
Site-pair batch: chr3 / 1601 at 2026-10-06 14:29:53.823412
Site-pair batch: chr3 / 1701 at 2026-10-06 14:30:00.123218
Site-pair batch: chr3 / 1801 at 2026-10-06 14:30:08.518122
Site-pair batch: chr3 / 1901 at 2026-10-06 14:30:16.092796
Site-pair batch: chr3 / 2001 at 2026-10-06 14:30:22.766663
Site-pair batch: chr3 / 2101 at 2026-10-06 14:30:29.405494
Site-pair batch: chr3 / 2201 at 2026-10-06 14:30:36.293169
Site-pair batch: chr3 / 2301 at 2026-10-06 14:30:43.330543
Site-pair batch: chr3 / 2401 at 2026-10-06 14:30:50.70871
Site-pair batch: chr3 / 2501 at 2026-10-06 14:30:58.352636
Site-pair batch: chr3 / 2601 at 2026-10-06 14:31:04.538843
Site-pair batch: chr3 / 2701 at 2026-10-06 14:31:11.451951
Site-pair batch: chr3 / 2801 at 2026-10-06 14:31:18.296336
Site-pair batch: chr3 / 2901 at 2026-10-06 14:31:24.488649
Site-pair batch: chr3 / 3001 at 2026-10-06 14:31:31.347261
Site-pair batch: chr3 / 3101 at 2026-10-06 14:31:37.058373
Site-pair batch: chr3 / 3201 at 2026-10-06 14:31:43.281625
Site-pair batch: chr4 / 1 at 2026-10-06 14:31:44.96875
Site-pair batch: chr4 / 101 at 2026-10-06 14:31:53.407475
Site-pair batch: chr4 / 201 at 2026-10-06 14:31:59.888845
Site-pair batch: chr4 / 301 at 2026-10-06 14:32:06.800063
Site-pair batch: chr4 / 401 at 2026-10-06 14:32:13.052184
Site-pair batch: chr4 / 501 at 2026-10-06 14:32:20.6572
Site-pair batch: chr4 / 601 at 2026-10-06 14:32:26.969126
Site-pair batch: chr4 / 701 at 2026-10-06 14:32:33.223394
Site-pair batch: chr4 / 801 at 2026-10-06 14:32:40.109561
Site-pair batch: chr4 / 901 at 2026-10-06 14:32:46.738473
Site-pair batch: chr4 / 1001 at 2026-10-06 14:32:54.636459
Site-pair batch: chr4 / 1101 at 2026-10-06 14:33:01.879589
Site-pair batch: chr4 / 1201 at 2026-10-06 14:33:07.504229
Site-pair batch: chr4 / 1301 at 2026-10-06 14:33:14.689636
Site-pair batch: chr4 / 1401 at 2026-10-06 14:33:21.91387
Site-pair batch: chr4 / 1501 at 2026-10-06 14:33:28.755312
Site-pair batch: chr4 / 1601 at 2026-10-06 14:33:35.540379
Site-pair batch: chr4 / 1701 at 2026-10-06 14:33:42.842479
Site-pair batch: chr4 / 1801 at 2026-10-06 14:33:49.585573
Site-pair batch: chr4 / 1901 at 2026-10-06 14:33:56.631419
Site-pair batch: chr4 / 2001 at 2026-10-06 14:34:03.320505
Site-pair batch: chr4 / 2101 at 2026-10-06 14:34:10.315189
Site-pair batch: chr4 / 2201 at 2026-10-06 14:34:17.555991
Site-pair batch: chr4 / 2301 at 2026-10-06 14:34:24.248812
Site-pair batch: chr5 / 1 at 2026-10-06 14:34:25.812216
Site-pair batch: chr5 / 101 at 2026-10-06 14:34:34.105029
Site-pair batch: chr5 / 201 at 2026-10-06 14:34:40.642178
Site-pair batch: chr5 / 301 at 2026-10-06 14:34:47.218403
Site-pair batch: chr5 / 401 at 2026-10-06 14:34:54.0809
Site-pair batch: chr5 / 501 at 2026-10-06 14:35:00.846848
Site-pair batch: chr5 / 601 at 2026-10-06 14:35:07.758731
Site-pair batch: chr5 / 701 at 2026-10-06 14:35:14.908295
Site-pair batch: chr5 / 801 at 2026-10-06 14:35:22.708373
Site-pair batch: chr5 / 901 at 2026-10-06 14:35:30.416494
Site-pair batch: chr5 / 1001 at 2026-10-06 14:35:36.861479
Site-pair batch: chr5 / 1101 at 2026-10-06 14:35:43.362373
Site-pair batch: chr5 / 1201 at 2026-10-06 14:35:50.735781
Site-pair batch: chr5 / 1301 at 2026-10-06 14:35:57.215244
Site-pair batch: chr5 / 1401 at 2026-10-06 14:36:05.181175
Site-pair batch: chr5 / 1501 at 2026-10-06 14:36:11.636379
Site-pair batch: chr5 / 1601 at 2026-10-06 14:36:17.423666
Site-pair batch: chr5 / 1701 at 2026-10-06 14:36:24.579381
Site-pair batch: chr5 / 1801 at 2026-10-06 14:36:32.173714
Site-pair batch: chr5 / 1901 at 2026-10-06 14:36:39.726399
Site-pair batch: chr5 / 2001 at 2026-10-06 14:36:49.362087
Site-pair batch: chr5 / 2101 at 2026-10-06 14:36:56.944823
Site-pair batch: chr5 / 2201 at 2026-10-06 14:37:03.72052
Site-pair batch: chr5 / 2301 at 2026-10-06 14:37:10.094893
Site-pair batch: chr5 / 2401 at 2026-10-06 14:37:17.062359
Site-pair batch: chr5 / 2501 at 2026-10-06 14:37:23.62383
Site-pair batch: chr5 / 2601 at 2026-10-06 14:37:29.834307
Site-pair batch: chr5 / 2701 at 2026-10-06 14:37:37.438345
Site-pair batch: chr5 / 2801 at 2026-10-06 14:37:44.195694
Site-pair batch: chr6 / 1 at 2026-10-06 14:37:45.036559
Site-pair batch: chr6 / 101 at 2026-10-06 14:37:55.112612
Site-pair batch: chr6 / 201 at 2026-10-06 14:38:03.728542
Site-pair batch: chr6 / 301 at 2026-10-06 14:38:13.504947
Site-pair batch: chr6 / 401 at 2026-10-06 14:38:21.100093
Site-pair batch: chr6 / 501 at 2026-10-06 14:38:29.334089
Site-pair batch: chr6 / 601 at 2026-10-06 14:38:36.74729
Site-pair batch: chr6 / 701 at 2026-10-06 14:38:44.803008
Site-pair batch: chr6 / 801 at 2026-10-06 14:38:53.196337
Site-pair batch: chr6 / 901 at 2026-10-06 14:39:02.12207
Site-pair batch: chr6 / 1001 at 2026-10-06 14:39:12.249579
Site-pair batch: chr6 / 1101 at 2026-10-06 14:39:21.692785
Site-pair batch: chr6 / 1201 at 2026-10-06 14:39:30.460293
Site-pair batch: chr6 / 1301 at 2026-10-06 14:39:38.947836
Site-pair batch: chr6 / 1401 at 2026-10-06 14:39:47.37851
Site-pair batch: chr6 / 1501 at 2026-10-06 14:39:55.787528
Site-pair batch: chr6 / 1601 at 2026-10-06 14:40:05.788459
Site-pair batch: chr6 / 1701 at 2026-10-06 14:40:12.92246
Site-pair batch: chr6 / 1801 at 2026-10-06 14:40:20.458162
Site-pair batch: chr6 / 1901 at 2026-10-06 14:40:27.577068
Site-pair batch: chr6 / 2001 at 2026-10-06 14:40:32.240791
Site-pair batch: chr6 / 2101 at 2026-10-06 14:40:37.618526
Site-pair batch: chr6 / 2201 at 2026-10-06 14:40:41.49161
Site-pair batch: chr6 / 2301 at 2026-10-06 14:40:48.498197
Site-pair batch: chr6 / 2401 at 2026-10-06 14:40:57.872853
Site-pair batch: chr6 / 2501 at 2026-10-06 14:41:05.265768
Site-pair batch: chr6 / 2601 at 2026-10-06 14:41:12.706489
Site-pair batch: chr6 / 2701 at 2026-10-06 14:41:21.603575
Site-pair batch: chr6 / 2801 at 2026-10-06 14:41:30.894175
Site-pair batch: chr6 / 2901 at 2026-10-06 14:41:38.713511
Site-pair batch: chr6 / 3001 at 2026-10-06 14:41:46.476352
Site-pair batch: chr6 / 3101 at 2026-10-06 14:41:54.076293
Site-pair batch: chr6 / 3201 at 2026-10-06 14:42:02.82451
Site-pair batch: chr6 / 3301 at 2026-10-06 14:42:11.331984
Site-pair batch: chr6 / 3401 at 2026-10-06 14:42:19.310622
Site-pair batch: chr7 / 1 at 2026-10-06 14:42:20.521738
Site-pair batch: chr7 / 101 at 2026-10-06 14:42:28.04045
Site-pair batch: chr7 / 201 at 2026-10-06 14:42:35.896891
Site-pair batch: chr7 / 301 at 2026-10-06 14:42:43.572025
Site-pair batch: chr7 / 401 at 2026-10-06 14:42:49.276348
Site-pair batch: chr7 / 501 at 2026-10-06 14:42:55.455077
Site-pair batch: chr7 / 601 at 2026-10-06 14:43:02.083386
Site-pair batch: chr7 / 701 at 2026-10-06 14:43:09.228591
Site-pair batch: chr7 / 801 at 2026-10-06 14:43:15.503628
Site-pair batch: chr7 / 901 at 2026-10-06 14:43:21.936651
Site-pair batch: chr7 / 1001 at 2026-10-06 14:43:27.740775
Site-pair batch: chr7 / 1101 at 2026-10-06 14:43:32.867021
Site-pair batch: chr7 / 1201 at 2026-10-06 14:43:40.9657
Site-pair batch: chr7 / 1301 at 2026-10-06 14:43:48.10776
Site-pair batch: chr7 / 1401 at 2026-10-06 14:43:55.142795
Site-pair batch: chr7 / 1501 at 2026-10-06 14:44:01.821424
Site-pair batch: chr7 / 1601 at 2026-10-06 14:44:08.574181
Site-pair batch: chr7 / 1701 at 2026-10-06 14:44:15.744432
Site-pair batch: chr7 / 1801 at 2026-10-06 14:44:22.328599
Site-pair batch: chr7 / 1901 at 2026-10-06 14:44:28.566916
Site-pair batch: chr7 / 2001 at 2026-10-06 14:44:35.292378
Site-pair batch: chr7 / 2101 at 2026-10-06 14:44:43.57559
Site-pair batch: chr7 / 2201 at 2026-10-06 14:44:49.918154
Site-pair batch: chr7 / 2301 at 2026-10-06 14:44:56.478276
Site-pair batch: chr7 / 2401 at 2026-10-06 14:45:03.337451
Site-pair batch: chr7 / 2501 at 2026-10-06 14:45:10.032154
Site-pair batch: chr7 / 2601 at 2026-10-06 14:45:17.1824
Site-pair batch: chr8 / 1 at 2026-10-06 14:45:19.176779
Site-pair batch: chr8 / 101 at 2026-10-06 14:45:29.722782
Site-pair batch: chr8 / 201 at 2026-10-06 14:45:39.003791
Site-pair batch: chr8 / 301 at 2026-10-06 14:45:46.3965
Site-pair batch: chr8 / 401 at 2026-10-06 14:45:54.630535
Site-pair batch: chr8 / 501 at 2026-10-06 14:46:03.721796
Site-pair batch: chr8 / 601 at 2026-10-06 14:46:12.568404
Site-pair batch: chr8 / 701 at 2026-10-06 14:46:21.403666
Site-pair batch: chr8 / 801 at 2026-10-06 14:46:30.647412
Site-pair batch: chr8 / 901 at 2026-10-06 14:46:39.607388
Site-pair batch: chr8 / 1001 at 2026-10-06 14:46:49.927834
Site-pair batch: chr8 / 1101 at 2026-10-06 14:46:58.392604
Site-pair batch: chr8 / 1201 at 2026-10-06 14:47:06.778019
Site-pair batch: chr8 / 1301 at 2026-10-06 14:47:12.796679
Site-pair batch: chr8 / 1401 at 2026-10-06 14:47:21.802193
Site-pair batch: chr8 / 1501 at 2026-10-06 14:47:30.093956
Site-pair batch: chr8 / 1601 at 2026-10-06 14:47:39.448833
Site-pair batch: chr8 / 1701 at 2026-10-06 14:47:48.091512
Site-pair batch: chr8 / 1801 at 2026-10-06 14:47:56.301724
Site-pair batch: chr8 / 1901 at 2026-10-06 14:48:05.558173
Site-pair batch: chr8 / 2001 at 2026-10-06 14:48:13.612535
Site-pair batch: chr8 / 2101 at 2026-10-06 14:48:22.965074
Site-pair batch: chr8 / 2201 at 2026-10-06 14:48:31.664644
Site-pair batch: chr8 / 2301 at 2026-10-06 14:48:40.582373
Site-pair batch: chr8 / 2401 at 2026-10-06 14:48:48.522217
Site-pair batch: chr8 / 2501 at 2026-10-06 14:48:57.670721
Site-pair batch: chr8 / 2601 at 2026-10-06 14:49:05.594682
Site-pair batch: chr8 / 2701 at 2026-10-06 14:49:15.067878
Site-pair batch: chr9 / 1 at 2026-10-06 14:49:18.418785
Site-pair batch: chr9 / 101 at 2026-10-06 14:49:26.869674
Site-pair batch: chr9 / 201 at 2026-10-06 14:49:34.23542
Site-pair batch: chr9 / 301 at 2026-10-06 14:49:42.261843
Site-pair batch: chr9 / 401 at 2026-10-06 14:49:49.126235
Site-pair batch: chr9 / 501 at 2026-10-06 14:49:55.915099
Site-pair batch: chr9 / 601 at 2026-10-06 14:50:03.808616
Site-pair batch: chr9 / 701 at 2026-10-06 14:50:10.371627
Site-pair batch: chr9 / 801 at 2026-10-06 14:50:17.707276
Site-pair batch: chr9 / 901 at 2026-10-06 14:50:24.118522
Site-pair batch: chr9 / 1001 at 2026-10-06 14:50:30.688505
Site-pair batch: chr9 / 1101 at 2026-10-06 14:50:36.860316
Site-pair batch: chr9 / 1201 at 2026-10-06 14:50:47.077281
Site-pair batch: chr9 / 1301 at 2026-10-06 14:50:53.974506
Site-pair batch: chr9 / 1401 at 2026-10-06 14:51:03.139513
Site-pair batch: chr9 / 1501 at 2026-10-06 14:51:11.284956
Site-pair batch: chr9 / 1601 at 2026-10-06 14:51:21.344437
Site-pair batch: chr9 / 1701 at 2026-10-06 14:51:30.178339
Site-pair batch: chr9 / 1801 at 2026-10-06 14:51:37.794346
Site-pair batch: chr9 / 1901 at 2026-10-06 14:51:44.546562
Site-pair batch: chr9 / 2001 at 2026-10-06 14:51:52.403374
Site-pair batch: chr9 / 2101 at 2026-10-06 14:51:58.920522
Site-pair batch: chr9 / 2201 at 2026-10-06 14:52:05.748015
Site-pair batch: chrX / 1 at 2026-10-06 14:52:07.729124
Site-pair batch: chrX / 101 at 2026-10-06 14:52:13.947326
Site-pair batch: chrX / 201 at 2026-10-06 14:52:19.50035
Site-pair batch: chrX / 301 at 2026-10-06 14:52:25.355428
Site-pair batch: chrX / 401 at 2026-10-06 14:52:29.835882
Site-pair batch: chrX / 501 at 2026-10-06 14:52:35.07348
Site-pair batch: chrX / 601 at 2026-10-06 14:52:40.737595
Site-pair batch: chrX / 701 at 2026-10-06 14:52:46.158123
Site-pair batch: chrX / 801 at 2026-10-06 14:52:51.502572
Site-pair batch: chrX / 901 at 2026-10-06 14:52:56.957378
Site-pair batch: chrX / 1001 at 2026-10-06 14:53:01.762754
Site-pair batch: chrY / 1 at 2026-10-06 14:53:03.981883
Completed active/inactive site-pair analysis at 2026-10-06 14:54:47.64966
