   time_min             metric                      method n_active n_inactive
      <int>             <char>                      <char>    <int>      <int>
1:        0 standardized_pairs     wilcoxon_active_greater     8733      43206
2:        0 standardized_pairs adjusted_HC3_active_greater     8733      43206
3:        5 standardized_pairs     wilcoxon_active_greater     8733      43206
4:        5 standardized_pairs adjusted_HC3_active_greater     8733      43206
5:       10 standardized_pairs     wilcoxon_active_greater     8733      43206
6:       10 standardized_pairs adjusted_HC3_active_greater     8733      43206
7:       15 standardized_pairs     wilcoxon_active_greater     8733      43206
8:       15 standardized_pairs adjusted_HC3_active_greater     8733      43206
   median_active median_inactive  estimate    statistic p_value q_value status
           <num>           <num>     <num>        <num>   <num>   <num> <char>
1:      3.932049       0.2702703 3.6617783 3.262131e+08       0       0 tested
2:      3.932049       0.2702703 0.6723133 9.241133e+01       0       0 tested
3:      4.178219       0.2222222 3.9559963 3.289296e+08       0       0 tested
4:      4.178219       0.2222222 0.7313892 9.641432e+01       0       0 tested
5:      4.011007       0.2601721 3.7508345 3.277465e+08       0       0 tested
6:      4.011007       0.2601721 0.6883716 9.420451e+01       0       0 tested
7:      3.734150       0.2860577 3.4480927 3.247298e+08       0       0 tested
8:      3.734150       0.2860577 0.6364887 8.911303e+01       0       0 tested
